Traceback (most recent call last):
  File "/home/lux1/noise-worktrees/p75_supervision_rebuild_20260929/scripts/p75_supervision_evidence.py", line 394, in <module>
    main()
  File "/home/lux1/noise-worktrees/p75_supervision_rebuild_20260929/scripts/p75_supervision_evidence.py", line 391, in main
    diagnose(args.snapshot)
  File "/home/lux1/noise-worktrees/p75_supervision_rebuild_20260929/scripts/p75_supervision_evidence.py", line 363, in diagnose
    write_json(destination/'summary.json',summary)
  File "/home/lux1/noise-worktrees/p75_supervision_rebuild_20260929/scripts/p75_supported_ce.py", line 53, in write_json
    stream.write(json.dumps(value, indent=2, sort_keys=True, allow_nan=False)+'\n')
  File "/usr/lib/python3.10/json/__init__.py", line 238, in dumps
    **kw).encode(obj)
  File "/usr/lib/python3.10/json/encoder.py", line 201, in encode
    chunks = list(chunks)
  File "/usr/lib/python3.10/json/encoder.py", line 431, in _iterencode
    yield from _iterencode_dict(o, _current_indent_level)
  File "/usr/lib/python3.10/json/encoder.py", line 405, in _iterencode_dict
    yield from chunks
  File "/usr/lib/python3.10/json/encoder.py", line 405, in _iterencode_dict
    yield from chunks
  File "/usr/lib/python3.10/json/encoder.py", line 438, in _iterencode
    o = _default(o)
  File "/usr/lib/python3.10/json/encoder.py", line 179, in default
    raise TypeError(f'Object of type {o.__class__.__name__} '
TypeError: Object of type int64 is not JSON serializable
